// Jest Snapshot v1, https://goo.gl/fbAQLP

exports[`<Button  /> should match snapshot 1`] = `
<button
  class="MuiButtonBase-root MuiButton-root MuiButton-contained MuiButton-containedPrimary MuiButton-sizeMedium MuiButton-containedSizeMedium css-kdhopu-MuiButtonBase-root-MuiButton-root"
  tabindex="0"
  type="button"
>
  submit
  <span
    class="MuiTouchRipple-root css-8je8zh-MuiTouchRipple-root"
  />
</button>
`;
